// Jest Snapshot v1, https://goo.gl/fbAQLP

exports[`renders correctly 1`] = `
<View
  style={
    Object {
      "flex": 1,
    }
  }
>
  <View
    style={
      Object {
        "flex": 1,
      }
    }
  />
  <View
    style={
      Object {
        "alignItems": "center",
        "flex": 5,
        "flexDirection": "column",
        "justifyContent": "center",
      }
    }
  >
    <ActivityIndicator
      animating={true}
      color="black"
      hidesWhenStopped={true}
      size="small"
    />
  </View>
  <BVLinearGradient
    colors={
      Array [
        4293651435,
        4286611584,
        4293651435,
      ]
    }
    endPoint={
      Object {
        "x": 1,
        "y": 1,
      }
    }
    locations={null}
    startPoint={
      Object {
        "x": 0,
        "y": 1,
      }
    }
    style={
      Object {
        "alignItems": "center",
        "height": 0.5,
        "justifyContent": "center",
        "width": "100%",
      }
    }
  />
</View>
`;
