// Jest Snapshot v1, https://goo.gl/fbAQLP

exports[`renders correctly 1`] = `
<RCTSafeAreaView
  emulateUnlessSupported={true}
>
  <View
    style={
      Object {
        "backgroundColor": "black",
        "height": 48,
        "justifyContent": "center",
        "width": "100%",
      }
    }
  >
    <Text
      style={
        Object {
          "color": "white",
          "fontSize": 24,
          "padding": 10,
          "textAlign": "center",
          "textDecorationLine": "underline",
        }
      }
    >
      OneLog
    </Text>
  </View>
  <View
    style={
      Object {
        "backgroundColor": "#ebebeb",
        "flexDirection": "column",
        "height": 1214,
        "justifyContent": "center",
        "width": 750,
      }
    }
  >
    <View
      style={
        Object {
          "backgroundColor": "#ebebeb",
          "flexDirection": "column",
          "height": 1214,
          "justifyContent": "flex-start",
          "width": 750,
        }
      }
    >
      <View
        style={
          Object {
            "flex": 1,
          }
        }
      >
        <View
          style={
            Object {
              "flex": 1,
            }
          }
        />
        <View
          style={
            Object {
              "alignItems": "center",
              "flex": 5,
              "flexDirection": "column",
              "justifyContent": "center",
            }
          }
        >
          <ActivityIndicator
            animating={true}
            color="black"
            hidesWhenStopped={true}
            size="small"
          />
        </View>
        <BVLinearGradient
          colors={
            Array [
              4293651435,
              4286611584,
              4293651435,
            ]
          }
          endPoint={
            Object {
              "x": 1,
              "y": 1,
            }
          }
          locations={null}
          startPoint={
            Object {
              "x": 0,
              "y": 1,
            }
          }
          style={
            Object {
              "alignItems": "center",
              "height": 0.5,
              "justifyContent": "center",
              "width": "100%",
            }
          }
        />
      </View>
      <View
        style={
          Object {
            "flex": 1,
          }
        }
      >
        <View
          style={
            Object {
              "flex": 1,
            }
          }
        />
        <View
          style={
            Object {
              "alignItems": "center",
              "flex": 5,
              "flexDirection": "column",
              "justifyContent": "center",
            }
          }
        >
          <ActivityIndicator
            animating={true}
            color="black"
            hidesWhenStopped={true}
            size="small"
          />
        </View>
        <BVLinearGradient
          colors={
            Array [
              4293651435,
              4286611584,
              4293651435,
            ]
          }
          endPoint={
            Object {
              "x": 1,
              "y": 1,
            }
          }
          locations={null}
          startPoint={
            Object {
              "x": 0,
              "y": 1,
            }
          }
          style={
            Object {
              "alignItems": "center",
              "height": 0.5,
              "justifyContent": "center",
              "width": "100%",
            }
          }
        />
      </View>
      <View
        style={
          Object {
            "flex": 1,
          }
        }
      >
        <View
          style={
            Object {
              "flex": 1,
            }
          }
        />
        <View
          style={
            Object {
              "alignItems": "center",
              "flex": 5,
              "flexDirection": "column",
              "justifyContent": "center",
            }
          }
        >
          <ActivityIndicator
            animating={true}
            color="black"
            hidesWhenStopped={true}
            size="small"
          />
        </View>
        <BVLinearGradient
          colors={
            Array [
              4293651435,
              4286611584,
              4293651435,
            ]
          }
          endPoint={
            Object {
              "x": 1,
              "y": 1,
            }
          }
          locations={null}
          startPoint={
            Object {
              "x": 0,
              "y": 1,
            }
          }
          style={
            Object {
              "alignItems": "center",
              "height": 0.5,
              "justifyContent": "center",
              "width": "100%",
            }
          }
        />
      </View>
      <View
        style={
          Object {
            "flex": 1,
          }
        }
      >
        <View
          style={
            Object {
              "flex": 1,
            }
          }
        />
        <View
          style={
            Object {
              "alignItems": "center",
              "flex": 5,
              "flexDirection": "column",
              "justifyContent": "center",
            }
          }
        >
          <ActivityIndicator
            animating={true}
            color="black"
            hidesWhenStopped={true}
            size="small"
          />
        </View>
        <BVLinearGradient
          colors={
            Array [
              4293651435,
              4286611584,
              4293651435,
            ]
          }
          endPoint={
            Object {
              "x": 1,
              "y": 1,
            }
          }
          locations={null}
          startPoint={
            Object {
              "x": 0,
              "y": 1,
            }
          }
          style={
            Object {
              "alignItems": "center",
              "height": 0.5,
              "justifyContent": "center",
              "width": "100%",
            }
          }
        />
      </View>
    </View>
  </View>
  <View
    style={
      Object {
        "alignItems": "center",
        "backgroundColor": "black",
        "flexDirection": "row",
        "height": 48,
        "justifyContent": "space-around",
        "textAlign": "center",
      }
    }
  >
    <View
      accessible={true}
      focusable={true}
      onClick={[Function]}
      onResponderGrant={[Function]}
      onResponderMove={[Function]}
      onResponderRelease={[Function]}
      onResponderTerminate={[Function]}
      onResponderTerminationRequest={[Function]}
      onStartShouldSetResponder={[Function]}
      style={
        Object {
          "opacity": 1,
        }
      }
    >
      <Image
        source={
          Object {
            "testUri": "../../../src/Assets/Images/NavBarSettings.png",
          }
        }
        style={
          Object {
            "height": 30,
            "tintColor": "#ebebeb",
            "width": 30,
          }
        }
      />
    </View>
    <View
      accessible={true}
      focusable={true}
      onClick={[Function]}
      onResponderGrant={[Function]}
      onResponderMove={[Function]}
      onResponderRelease={[Function]}
      onResponderTerminate={[Function]}
      onResponderTerminationRequest={[Function]}
      onStartShouldSetResponder={[Function]}
      style={
        Object {
          "opacity": 1,
        }
      }
    >
      <Image
        source={
          Object {
            "testUri": "../../../src/Assets/Images/NavBarAccount.png",
          }
        }
        style={
          Object {
            "height": 30,
            "tintColor": "#ebebeb",
            "width": 30,
          }
        }
      />
    </View>
    <View
      accessible={true}
      focusable={true}
      onClick={[Function]}
      onResponderGrant={[Function]}
      onResponderMove={[Function]}
      onResponderRelease={[Function]}
      onResponderTerminate={[Function]}
      onResponderTerminationRequest={[Function]}
      onStartShouldSetResponder={[Function]}
      style={
        Object {
          "opacity": 1,
        }
      }
    >
      <Image
        source={
          Object {
            "testUri": "../../../src/Assets/Images/NavBarHome.png",
          }
        }
        style={
          Object {
            "height": 30,
            "tintColor": "#ebebeb",
            "width": 30,
          }
        }
      />
    </View>
    <View
      accessible={true}
      focusable={true}
      onClick={[Function]}
      onResponderGrant={[Function]}
      onResponderMove={[Function]}
      onResponderRelease={[Function]}
      onResponderTerminate={[Function]}
      onResponderTerminationRequest={[Function]}
      onStartShouldSetResponder={[Function]}
      style={
        Object {
          "opacity": 1,
        }
      }
    >
      <Image
        source={
          Object {
            "testUri": "../../../src/Assets/Images/NavBarNewReading.png",
          }
        }
        style={
          Object {
            "height": 30,
            "tintColor": "#ebebeb",
            "width": 30,
          }
        }
      />
    </View>
    <View
      accessible={true}
      focusable={true}
      onClick={[Function]}
      onResponderGrant={[Function]}
      onResponderMove={[Function]}
      onResponderRelease={[Function]}
      onResponderTerminate={[Function]}
      onResponderTerminationRequest={[Function]}
      onStartShouldSetResponder={[Function]}
      style={
        Object {
          "opacity": 1,
        }
      }
    >
      <Image
        source={
          Object {
            "testUri": "../../../src/Assets/Images/NavBarAnalytics.png",
          }
        }
        style={
          Object {
            "height": 30,
            "tintColor": "#ebebeb",
            "width": 30,
          }
        }
      />
    </View>
  </View>
</RCTSafeAreaView>
`;
