// Jest Snapshot v1, https://goo.gl/fbAQLP

exports[`renders correctly 1`] = `
<View
  style={
    Object {
      "backgroundColor": "black",
      "height": 48,
      "justifyContent": "center",
      "width": "100%",
    }
  }
>
  <Text
    style={
      Object {
        "color": "white",
        "fontSize": 24,
        "padding": 10,
        "textAlign": "center",
        "textDecorationLine": "underline",
      }
    }
  >
    OneLog
  </Text>
</View>
`;
