// Jest Snapshot v1, https://goo.gl/fbAQLP

exports[`renders correctly 1`] = `
<View
  style={
    Object {
      "backgroundColor": "#ebebeb",
      "flexDirection": "column",
      "height": 1214,
      "justifyContent": "flex-start",
      "width": 750,
    }
  }
>
  <View
    style={
      Object {
        "backgroundColor": "#ebebeb",
        "flex": 1,
        "flexDirection": "row",
        "height": "100%",
        "width": "100%",
      }
    }
  >
    <View
      style={
        Object {
          "alignItems": "flex-end",
          "backgroundColor": "#ebebeb",
          "color": "white",
          "flex": 1,
          "justifyContent": "flex-end",
          "margin": 20,
        }
      }
    >
      <View
        accessible={true}
        focusable={false}
        onClick={[Function]}
        onResponderGrant={[Function]}
        onResponderMove={[Function]}
        onResponderRelease={[Function]}
        onResponderTerminate={[Function]}
        onResponderTerminationRequest={[Function]}
        onStartShouldSetResponder={[Function]}
        style={
          Object {
            "opacity": 1,
          }
        }
      >
        <Text
          style={
            Object {
              "backgroundColor": "#ebebeb",
              "borderBottomColor": "#252424",
              "borderBottomWidth": 8,
              "borderColor": "#1a1919",
              "borderRadius": 4,
              "borderWidth": 1,
              "color": "#3f3d3d",
              "fontFamily": "roboto",
              "fontSize": 18,
              "fontWeight": "bold",
              "height": 120,
              "padding": 50,
              "textAlign": "center",
              "textAlignVertical": "center",
              "width": 160,
            }
          }
        >
          Macro
        </Text>
      </View>
    </View>
    <View
      style={
        Object {
          "alignItems": "flex-start",
          "backgroundColor": "#ebebeb",
          "color": "white",
          "flex": 1,
          "justifyContent": "flex-end",
          "margin": 20,
        }
      }
    >
      <View
        accessible={true}
        focusable={false}
        onClick={[Function]}
        onResponderGrant={[Function]}
        onResponderMove={[Function]}
        onResponderRelease={[Function]}
        onResponderTerminate={[Function]}
        onResponderTerminationRequest={[Function]}
        onStartShouldSetResponder={[Function]}
        style={
          Object {
            "opacity": 1,
          }
        }
      >
        <Text
          style={
            Object {
              "backgroundColor": "#ebebeb",
              "borderBottomColor": "#252424",
              "borderBottomWidth": 8,
              "borderColor": "#1a1919",
              "borderRadius": 4,
              "borderWidth": 1,
              "color": "#3f3d3d",
              "fontFamily": "roboto",
              "fontSize": 18,
              "fontWeight": "bold",
              "height": 120,
              "padding": 50,
              "textAlign": "center",
              "textAlignVertical": "center",
              "width": 160,
            }
          }
        >
          Bg
        </Text>
      </View>
    </View>
  </View>
  <View
    style={
      Object {
        "backgroundColor": "#ebebeb",
        "flex": 1,
        "flexDirection": "row",
        "height": "100%",
        "width": "100%",
      }
    }
  >
    <View
      style={
        Object {
          "alignItems": "flex-end",
          "color": "white",
          "flex": 1,
          "justifyContent": "flex-start",
          "margin": 20,
        }
      }
    >
      <View
        accessible={true}
        focusable={false}
        onClick={[Function]}
        onResponderGrant={[Function]}
        onResponderMove={[Function]}
        onResponderRelease={[Function]}
        onResponderTerminate={[Function]}
        onResponderTerminationRequest={[Function]}
        onStartShouldSetResponder={[Function]}
        style={
          Object {
            "opacity": 1,
          }
        }
      >
        <Text
          style={
            Object {
              "backgroundColor": "#ebebeb",
              "borderBottomColor": "#252424",
              "borderBottomWidth": 8,
              "borderColor": "#1a1919",
              "borderRadius": 4,
              "borderWidth": 1,
              "color": "#3f3d3d",
              "fontFamily": "roboto",
              "fontSize": 18,
              "fontWeight": "bold",
              "height": 120,
              "padding": 50,
              "textAlign": "center",
              "textAlignVertical": "center",
              "width": 160,
            }
          }
        >
          Keto
        </Text>
      </View>
    </View>
    <View
      style={
        Object {
          "alignItems": "flex-start",
          "color": "white",
          "flex": 1,
          "justifyContent": "flex-start",
          "margin": 20,
        }
      }
    >
      <View
        accessible={true}
        focusable={false}
        onClick={[Function]}
        onResponderGrant={[Function]}
        onResponderMove={[Function]}
        onResponderRelease={[Function]}
        onResponderTerminate={[Function]}
        onResponderTerminationRequest={[Function]}
        onStartShouldSetResponder={[Function]}
        style={
          Object {
            "opacity": 1,
          }
        }
      >
        <Text
          style={
            Object {
              "backgroundColor": "#ebebeb",
              "borderBottomColor": "#252424",
              "borderBottomWidth": 8,
              "borderColor": "#1a1919",
              "borderRadius": 4,
              "borderWidth": 1,
              "color": "#3f3d3d",
              "fontFamily": "roboto",
              "fontSize": 18,
              "fontWeight": "bold",
              "height": 120,
              "padding": 50,
              "textAlign": "center",
              "textAlignVertical": "center",
              "width": 160,
            }
          }
        >
          Dose
        </Text>
      </View>
    </View>
  </View>
</View>
`;
