// Jest Snapshot v1, https://goo.gl/fbAQLP

exports[`renders correctly 1`] = `
<View
  style={
    Object {
      "backgroundColor": "#ebebeb",
      "flexDirection": "column",
      "height": 1214,
      "justifyContent": "flex-start",
      "width": 750,
    }
  }
>
  <View
    style={
      Object {
        "backgroundColor": "blue",
        "flexDirection": "row",
      }
    }
  >
    <View>
      <BVLinearGradient
        colors={
          Array [
            4293651435,
            4286611584,
            4293651435,
          ]
        }
        endPoint={
          Object {
            "x": 0.5,
            "y": 0.5,
          }
        }
        locations={null}
        startPoint={
          Object {
            "x": 0,
            "y": 1,
          }
        }
        style={
          Object {
            "alignItems": "center",
            "height": 0.5,
            "justifyContent": "center",
            "width": "100%",
          }
        }
      />
    </View>
    <View>
      <Text>
        HELLO
      </Text>
    </View>
  </View>
  <View
    style={
      Object {
        "backgroundColor": "blue",
        "flexDirection": "row",
      }
    }
  >
    <View>
      <BVLinearGradient
        colors={
          Array [
            4293651435,
            4286611584,
            4293651435,
          ]
        }
        endPoint={
          Object {
            "x": 0,
            "y": 0,
          }
        }
        locations={null}
        startPoint={
          Object {
            "x": 0,
            "y": 1,
          }
        }
        style={
          Object {
            "alignItems": "center",
            "height": 0.5,
            "justifyContent": "center",
            "width": "100%",
          }
        }
      />
    </View>
    <View />
  </View>
</View>
`;
