// Jest Snapshot v1, https://goo.gl/fbAQLP

exports[`renders correctly 1`] = `
<View
  style={
    Object {
      "backgroundColor": "#ebebeb",
      "flexDirection": "column",
      "height": 1214,
      "justifyContent": "flex-start",
      "width": 750,
    }
  }
>
  <Text
    style={
      Object {
        "color": "black",
        "fontSize": 28,
        "textAlign": "center",
      }
    }
  >
    Settings
  </Text>
</View>
`;
