// Jest Snapshot v1, https://goo.gl/fbAQLP

exports[`renders correctly 1`] = `
<View
  style={
    Object {
      "backgroundColor": "#ebebeb",
      "flex": 5,
      "paddingBottom": 10,
      "width": "100%",
    }
  }
>
  <Text
    style={
      Object {
        "alignSelf": "center",
        "color": "black",
        "fontSize": 54,
        "justifyContent": "center",
        "paddingTop": 8,
      }
    }
  >
    7.2
  </Text>
  <Text
    style={
      Object {
        "alignSelf": "center",
        "fontSize": 12,
        "paddingBottom": 10,
      }
    }
  >
    mmol/L
  </Text>
  <Image
    source={
      Object {
        "testUri": "../../../src/Assets/Images/LastReadingTick.png",
      }
    }
    style={
      Object {
        "alignSelf": "center",
        "height": 30,
        "width": 30,
      }
    }
  />
</View>
`;
