// Jest Snapshot v1, https://goo.gl/fbAQLP

exports[`renders correctly 1`] = `
<View
  style={
    Object {
      "backgroundColor": "#ebebeb",
      "flex": 1,
      "flexDirection": "row",
      "justifyContent": "space-around",
      "paddingBottom": 10,
      "width": "100%",
    }
  }
>
  <View
    style={
      Object {
        "flexDirection": "column",
        "padding": 20,
      }
    }
  >
    <Text
      style={
        Object {
          "color": "#3f3d3d",
          "fontSize": 16,
        }
      }
    >
      Kcal
    </Text>
    <Text
      style={
        Object {
          "color": "#3f3d3d",
          "fontSize": 16,
        }
      }
    >
      Carbs
    </Text>
    <Text
      style={
        Object {
          "color": "#3f3d3d",
          "fontSize": 16,
        }
      }
    >
      Sugar
    </Text>
    <Text
      style={
        Object {
          "color": "#3f3d3d",
          "fontSize": 16,
        }
      }
    >
      Protein
    </Text>
    <Text
      style={
        Object {
          "color": "#3f3d3d",
          "fontSize": 16,
        }
      }
    >
      Fat
    </Text>
  </View>
  <View
    style={
      Object {
        "flexDirection": "column",
        "padding": 20,
      }
    }
  >
    <Text
      style={
        Object {
          "alignSelf": "flex-end",
          "color": "black",
          "fontSize": 16,
        }
      }
    >
      100.0
    </Text>
    <Text
      style={
        Object {
          "alignSelf": "flex-end",
          "color": "black",
          "fontSize": 16,
        }
      }
    >
      10.0
    </Text>
    <Text
      style={
        Object {
          "alignSelf": "flex-end",
          "color": "black",
          "fontSize": 16,
        }
      }
    >
      10.0
    </Text>
    <Text
      style={
        Object {
          "alignSelf": "flex-end",
          "color": "black",
          "fontSize": 16,
        }
      }
    >
      10.0
    </Text>
    <Text
      style={
        Object {
          "alignSelf": "flex-end",
          "color": "black",
          "fontSize": 16,
        }
      }
    >
      10.0
    </Text>
  </View>
</View>
`;
